src/components/AppSidebarShell.tsx(64,8): error TS2739: Type '{ children: string; side: "right"; }' is missing the following properties from type 'Pick<TooltipContentProps & RefAttributes<HTMLDivElement>, "children" | "hidden" | "className" | "onMouseLeave" | "slot" | ... 264 more ... | "forceMount">': placeholder, onPointerEnterCapture, onPointerLeaveCapture
src/components/AppSidebarShell.tsx(123,14): error TS2739: Type '{ children: string; side: "right"; }' is missing the following properties from type 'Pick<TooltipContentProps & RefAttributes<HTMLDivElement>, "children" | "hidden" | "className" | "onMouseLeave" | "slot" | ... 264 more ... | "forceMount">': placeholder, onPointerEnterCapture, onPointerLeaveCapture
src/components/AppSidebarShell.tsx(153,20): error TS2739: Type '{ children: Element; className: string; }' is missing the following properties from type 'Pick<AvatarProps & RefAttributes<HTMLSpanElement>, "children" | "hidden" | "className" | "onMouseLeave" | "slot" | "style" | ... 249 more ... | "onPointerLeaveCapture">': placeholder, onPointerEnterCapture, onPointerLeaveCapture
src/components/AppSidebarShell.tsx(154,22): error TS2739: Type '{ children: string; className: string; }' is missing the following properties from type 'Pick<AvatarFallbackProps & RefAttributes<HTMLSpanElement>, "children" | "hidden" | "className" | "onMouseLeave" | ... 252 more ... | "delayMs">': placeholder, onPointerEnterCapture, onPointerLeaveCapture
src/components/AppSidebarShell.tsx(158,16): error TS2739: Type '{ children: string; side: "right"; }' is missing the following properties from type 'Pick<TooltipContentProps & RefAttributes<HTMLDivElement>, "children" | "hidden" | "className" | "onMouseLeave" | "slot" | ... 264 more ... | "forceMount">': placeholder, onPointerEnterCapture, onPointerLeaveCapture
src/components/AppSidebarShell.tsx(162,16): error TS2739: Type '{ children: Element; className: string; }' is missing the following properties from type 'Pick<AvatarProps & RefAttributes<HTMLSpanElement>, "children" | "hidden" | "className" | "onMouseLeave" | "slot" | "style" | ... 249 more ... | "onPointerLeaveCapture">': placeholder, onPointerEnterCapture, onPointerLeaveCapture
src/components/AppSidebarShell.tsx(163,18): error TS2739: Type '{ children: string; className: string; }' is missing the following properties from type 'Pick<AvatarFallbackProps & RefAttributes<HTMLSpanElement>, "children" | "hidden" | "className" | "onMouseLeave" | ... 252 more ... | "delayMs">': placeholder, onPointerEnterCapture, onPointerLeaveCapture
src/components/AppSidebarShell.tsx(187,16): error TS2739: Type '{ children: string; side: "right"; }' is missing the following properties from type 'Pick<TooltipContentProps & RefAttributes<HTMLDivElement>, "children" | "hidden" | "className" | "onMouseLeave" | "slot" | ... 264 more ... | "forceMount">': placeholder, onPointerEnterCapture, onPointerLeaveCapture
